[2025-09-03 01:26:18,171] INFO [ControllerEventThread controllerId=0] Starting (kafka.controller.ControllerEventManager$ControllerEventThread)
[2025-09-03 01:26:18,236] INFO [Controller id=0] 0 successfully elected as the controller. Epoch incremented to 1 and epoch zk version is now 1 (kafka.controller.KafkaController)
[2025-09-03 01:26:18,245] INFO [Controller id=0] Creating FeatureZNode at path: /feature with contents: FeatureZNode(2,Enabled,Map()) (kafka.controller.KafkaController)
[2025-09-03 01:26:18,342] INFO [Controller id=0] Registering handlers (kafka.controller.KafkaController)
[2025-09-03 01:26:18,352] INFO [Controller id=0] Deleting log dir event notifications (kafka.controller.KafkaController)
[2025-09-03 01:26:18,361] INFO [Controller id=0] Deleting isr change notifications (kafka.controller.KafkaController)
[2025-09-03 01:26:18,369] INFO [Controller id=0] Initializing controller context (kafka.controller.KafkaController)
[2025-09-03 01:26:18,408] INFO [Controller id=0] Initialized broker epochs cache: HashMap(0 -> 27) (kafka.controller.KafkaController)
[2025-09-03 01:26:18,419] DEBUG [Controller id=0] Register BrokerModifications handler for Set(0) (kafka.controller.KafkaController)
[2025-09-03 01:26:18,436] DEBUG [Channel manager on controller 0]: Controller 0 trying to connect to broker 0 (kafka.controller.ControllerChannelManager)
[2025-09-03 01:26:18,454] INFO [RequestSendThread controllerId=0] Starting (kafka.controller.RequestSendThread)
[2025-09-03 01:26:18,458] INFO [Controller id=0] Currently active brokers in the cluster: Set(0) (kafka.controller.KafkaController)
[2025-09-03 01:26:18,459] INFO [Controller id=0] Currently shutting brokers in the cluster: HashSet() (kafka.controller.KafkaController)
[2025-09-03 01:26:18,460] INFO [Controller id=0] Current list of topics in the cluster: HashSet() (kafka.controller.KafkaController)
[2025-09-03 01:26:18,461] INFO [Controller id=0] Fetching topic deletions in progress (kafka.controller.KafkaController)
[2025-09-03 01:26:18,466] INFO [Controller id=0] List of topics to be deleted:  (kafka.controller.KafkaController)
[2025-09-03 01:26:18,466] INFO [Controller id=0] List of topics ineligible for deletion:  (kafka.controller.KafkaController)
[2025-09-03 01:26:18,467] INFO [Controller id=0] Initializing topic deletion manager (kafka.controller.KafkaController)
[2025-09-03 01:26:18,468] INFO [Topic Deletion Manager 0] Initializing manager with initial deletions: Set(), initial ineligible deletions: HashSet() (kafka.controller.TopicDeletionManager)
[2025-09-03 01:26:18,472] INFO [Controller id=0] Sending update metadata request (kafka.controller.KafkaController)
[2025-09-03 01:26:18,504] INFO [ReplicaStateMachine controllerId=0] Initializing replica state (kafka.controller.ZkReplicaStateMachine)
[2025-09-03 01:26:18,507] INFO [ReplicaStateMachine controllerId=0] Triggering online replica state changes (kafka.controller.ZkReplicaStateMachine)
[2025-09-03 01:26:18,542] INFO [ReplicaStateMachine controllerId=0] Triggering offline replica state changes (kafka.controller.ZkReplicaStateMachine)
[2025-09-03 01:26:18,544] DEBUG [ReplicaStateMachine controllerId=0] Started replica state machine with initial state -> HashMap() (kafka.controller.ZkReplicaStateMachine)
[2025-09-03 01:26:18,546] INFO [PartitionStateMachine controllerId=0] Initializing partition state (kafka.controller.ZkPartitionStateMachine)
[2025-09-03 01:26:18,550] INFO [PartitionStateMachine controllerId=0] Triggering online partition state changes (kafka.controller.ZkPartitionStateMachine)
[2025-09-03 01:26:18,569] DEBUG [PartitionStateMachine controllerId=0] Started partition state machine with initial state -> HashMap() (kafka.controller.ZkPartitionStateMachine)
[2025-09-03 01:26:18,571] INFO [Controller id=0] Ready to serve as the new controller with epoch 1 (kafka.controller.KafkaController)
[2025-09-03 01:26:18,591] INFO [Controller id=0] Partitions undergoing preferred replica election:  (kafka.controller.KafkaController)
[2025-09-03 01:26:18,592] INFO [Controller id=0] Partitions that completed preferred replica election:  (kafka.controller.KafkaController)
[2025-09-03 01:26:18,594] INFO [Controller id=0] Skipping preferred replica election for partitions due to topic deletion:  (kafka.controller.KafkaController)
[2025-09-03 01:26:18,595] INFO [Controller id=0] Resuming preferred replica election for partitions:  (kafka.controller.KafkaController)
[2025-09-03 01:26:18,599] INFO [Controller id=0] Starting replica leader election (PREFERRED) for partitions  triggered by ZkTriggered (kafka.controller.KafkaController)
[2025-09-03 01:26:18,649] INFO [Controller id=0] Starting the controller scheduler (kafka.controller.KafkaController)
[2025-09-03 01:26:19,024] INFO [RequestSendThread controllerId=0] Controller 0 connected to OMPRAKASH:9092 (id: 0 rack: null) for sending state change requests (kafka.controller.RequestSendThread)
[2025-09-03 01:26:23,664] INFO [Controller id=0] Processing automatic preferred replica leader election (kafka.controller.KafkaController)
[2025-09-03 01:26:23,665] TRACE [Controller id=0] Checking need to trigger auto leader balancing (kafka.controller.KafkaController)
[2025-09-03 01:31:23,676] INFO [Controller id=0] Processing automatic preferred replica leader election (kafka.controller.KafkaController)
[2025-09-03 01:31:23,676] TRACE [Controller id=0] Checking need to trigger auto leader balancing (kafka.controller.KafkaController)
[2025-09-03 01:37:38,969] INFO [ControllerEventThread controllerId=0] Starting (kafka.controller.ControllerEventManager$ControllerEventThread)
[2025-09-03 01:37:39,045] INFO [Controller id=0] 0 successfully elected as the controller. Epoch incremented to 2 and epoch zk version is now 2 (kafka.controller.KafkaController)
[2025-09-03 01:37:39,051] INFO [Controller id=0] Registering handlers (kafka.controller.KafkaController)
[2025-09-03 01:37:39,060] INFO [Controller id=0] Deleting log dir event notifications (kafka.controller.KafkaController)
[2025-09-03 01:37:39,068] INFO [Controller id=0] Deleting isr change notifications (kafka.controller.KafkaController)
[2025-09-03 01:37:39,075] INFO [Controller id=0] Initializing controller context (kafka.controller.KafkaController)
[2025-09-03 01:37:39,141] INFO [Controller id=0] Initialized broker epochs cache: HashMap(0 -> 48) (kafka.controller.KafkaController)
[2025-09-03 01:37:39,154] DEBUG [Controller id=0] Register BrokerModifications handler for Set(0) (kafka.controller.KafkaController)
[2025-09-03 01:37:39,177] DEBUG [Channel manager on controller 0]: Controller 0 trying to connect to broker 0 (kafka.controller.ControllerChannelManager)
[2025-09-03 01:37:39,199] INFO [RequestSendThread controllerId=0] Starting (kafka.controller.RequestSendThread)
[2025-09-03 01:37:39,208] INFO [Controller id=0] Currently active brokers in the cluster: Set(0) (kafka.controller.KafkaController)
[2025-09-03 01:37:39,209] INFO [Controller id=0] Currently shutting brokers in the cluster: HashSet() (kafka.controller.KafkaController)
[2025-09-03 01:37:39,210] INFO [Controller id=0] Current list of topics in the cluster: HashSet() (kafka.controller.KafkaController)
[2025-09-03 01:37:39,212] INFO [Controller id=0] Fetching topic deletions in progress (kafka.controller.KafkaController)
[2025-09-03 01:37:39,220] INFO [Controller id=0] List of topics to be deleted:  (kafka.controller.KafkaController)
[2025-09-03 01:37:39,221] INFO [Controller id=0] List of topics ineligible for deletion:  (kafka.controller.KafkaController)
[2025-09-03 01:37:39,222] INFO [Controller id=0] Initializing topic deletion manager (kafka.controller.KafkaController)
[2025-09-03 01:37:39,223] INFO [Topic Deletion Manager 0] Initializing manager with initial deletions: Set(), initial ineligible deletions: HashSet() (kafka.controller.TopicDeletionManager)
[2025-09-03 01:37:39,227] INFO [Controller id=0] Sending update metadata request (kafka.controller.KafkaController)
[2025-09-03 01:37:39,254] INFO [ReplicaStateMachine controllerId=0] Initializing replica state (kafka.controller.ZkReplicaStateMachine)
[2025-09-03 01:37:39,255] INFO [ReplicaStateMachine controllerId=0] Triggering online replica state changes (kafka.controller.ZkReplicaStateMachine)
[2025-09-03 01:37:39,264] INFO [ReplicaStateMachine controllerId=0] Triggering offline replica state changes (kafka.controller.ZkReplicaStateMachine)
[2025-09-03 01:37:39,266] DEBUG [ReplicaStateMachine controllerId=0] Started replica state machine with initial state -> HashMap() (kafka.controller.ZkReplicaStateMachine)
[2025-09-03 01:37:39,267] INFO [PartitionStateMachine controllerId=0] Initializing partition state (kafka.controller.ZkPartitionStateMachine)
[2025-09-03 01:37:39,269] INFO [PartitionStateMachine controllerId=0] Triggering online partition state changes (kafka.controller.ZkPartitionStateMachine)
[2025-09-03 01:37:39,279] DEBUG [PartitionStateMachine controllerId=0] Started partition state machine with initial state -> HashMap() (kafka.controller.ZkPartitionStateMachine)
[2025-09-03 01:37:39,280] INFO [Controller id=0] Ready to serve as the new controller with epoch 2 (kafka.controller.KafkaController)
[2025-09-03 01:37:39,291] INFO [Controller id=0] Partitions undergoing preferred replica election:  (kafka.controller.KafkaController)
[2025-09-03 01:37:39,293] INFO [Controller id=0] Partitions that completed preferred replica election:  (kafka.controller.KafkaController)
[2025-09-03 01:37:39,294] INFO [Controller id=0] Skipping preferred replica election for partitions due to topic deletion:  (kafka.controller.KafkaController)
[2025-09-03 01:37:39,295] INFO [Controller id=0] Resuming preferred replica election for partitions:  (kafka.controller.KafkaController)
[2025-09-03 01:37:39,297] INFO [Controller id=0] Starting replica leader election (PREFERRED) for partitions  triggered by ZkTriggered (kafka.controller.KafkaController)
[2025-09-03 01:37:39,328] INFO [Controller id=0] Starting the controller scheduler (kafka.controller.KafkaController)
[2025-09-03 01:37:39,772] INFO [RequestSendThread controllerId=0] Controller 0 connected to OMPRAKASH:9092 (id: 0 rack: null) for sending state change requests (kafka.controller.RequestSendThread)
[2025-09-03 01:37:44,342] INFO [Controller id=0] Processing automatic preferred replica leader election (kafka.controller.KafkaController)
[2025-09-03 01:37:44,343] TRACE [Controller id=0] Checking need to trigger auto leader balancing (kafka.controller.KafkaController)
[2025-09-03 01:42:44,353] INFO [Controller id=0] Processing automatic preferred replica leader election (kafka.controller.KafkaController)
[2025-09-03 01:42:44,353] TRACE [Controller id=0] Checking need to trigger auto leader balancing (kafka.controller.KafkaController)
[2025-09-03 01:47:22,856] INFO [ControllerEventThread controllerId=0] Starting (kafka.controller.ControllerEventManager$ControllerEventThread)
[2025-09-03 01:47:22,940] INFO [Controller id=0] 0 successfully elected as the controller. Epoch incremented to 3 and epoch zk version is now 3 (kafka.controller.KafkaController)
[2025-09-03 01:47:22,946] INFO [Controller id=0] Registering handlers (kafka.controller.KafkaController)
[2025-09-03 01:47:22,956] INFO [Controller id=0] Deleting log dir event notifications (kafka.controller.KafkaController)
[2025-09-03 01:47:22,966] INFO [Controller id=0] Deleting isr change notifications (kafka.controller.KafkaController)
[2025-09-03 01:47:22,973] INFO [Controller id=0] Initializing controller context (kafka.controller.KafkaController)
[2025-09-03 01:47:23,010] INFO [Controller id=0] Initialized broker epochs cache: HashMap(0 -> 83) (kafka.controller.KafkaController)
[2025-09-03 01:47:23,028] DEBUG [Controller id=0] Register BrokerModifications handler for Set(0) (kafka.controller.KafkaController)
[2025-09-03 01:47:23,041] DEBUG [Channel manager on controller 0]: Controller 0 trying to connect to broker 0 (kafka.controller.ControllerChannelManager)
[2025-09-03 01:47:23,060] INFO [RequestSendThread controllerId=0] Starting (kafka.controller.RequestSendThread)
[2025-09-03 01:47:23,063] INFO [Controller id=0] Currently active brokers in the cluster: Set(0) (kafka.controller.KafkaController)
[2025-09-03 01:47:23,065] INFO [Controller id=0] Currently shutting brokers in the cluster: HashSet() (kafka.controller.KafkaController)
[2025-09-03 01:47:23,067] INFO [Controller id=0] Current list of topics in the cluster: HashSet() (kafka.controller.KafkaController)
[2025-09-03 01:47:23,069] INFO [Controller id=0] Fetching topic deletions in progress (kafka.controller.KafkaController)
[2025-09-03 01:47:23,075] INFO [Controller id=0] List of topics to be deleted:  (kafka.controller.KafkaController)
[2025-09-03 01:47:23,077] INFO [Controller id=0] List of topics ineligible for deletion:  (kafka.controller.KafkaController)
[2025-09-03 01:47:23,077] INFO [Controller id=0] Initializing topic deletion manager (kafka.controller.KafkaController)
[2025-09-03 01:47:23,078] INFO [Topic Deletion Manager 0] Initializing manager with initial deletions: Set(), initial ineligible deletions: HashSet() (kafka.controller.TopicDeletionManager)
[2025-09-03 01:47:23,082] INFO [Controller id=0] Sending update metadata request (kafka.controller.KafkaController)
[2025-09-03 01:47:23,121] INFO [ReplicaStateMachine controllerId=0] Initializing replica state (kafka.controller.ZkReplicaStateMachine)
[2025-09-03 01:47:23,123] INFO [ReplicaStateMachine controllerId=0] Triggering online replica state changes (kafka.controller.ZkReplicaStateMachine)
[2025-09-03 01:47:23,152] INFO [ReplicaStateMachine controllerId=0] Triggering offline replica state changes (kafka.controller.ZkReplicaStateMachine)
[2025-09-03 01:47:23,153] DEBUG [ReplicaStateMachine controllerId=0] Started replica state machine with initial state -> HashMap() (kafka.controller.ZkReplicaStateMachine)
[2025-09-03 01:47:23,155] INFO [PartitionStateMachine controllerId=0] Initializing partition state (kafka.controller.ZkPartitionStateMachine)
[2025-09-03 01:47:23,158] INFO [PartitionStateMachine controllerId=0] Triggering online partition state changes (kafka.controller.ZkPartitionStateMachine)
[2025-09-03 01:47:23,168] DEBUG [PartitionStateMachine controllerId=0] Started partition state machine with initial state -> HashMap() (kafka.controller.ZkPartitionStateMachine)
[2025-09-03 01:47:23,170] INFO [Controller id=0] Ready to serve as the new controller with epoch 3 (kafka.controller.KafkaController)
[2025-09-03 01:47:23,180] INFO [Controller id=0] Partitions undergoing preferred replica election:  (kafka.controller.KafkaController)
[2025-09-03 01:47:23,181] INFO [Controller id=0] Partitions that completed preferred replica election:  (kafka.controller.KafkaController)
[2025-09-03 01:47:23,182] INFO [Controller id=0] Skipping preferred replica election for partitions due to topic deletion:  (kafka.controller.KafkaController)
[2025-09-03 01:47:23,184] INFO [Controller id=0] Resuming preferred replica election for partitions:  (kafka.controller.KafkaController)
[2025-09-03 01:47:23,190] INFO [Controller id=0] Starting replica leader election (PREFERRED) for partitions  triggered by ZkTriggered (kafka.controller.KafkaController)
[2025-09-03 01:47:23,231] INFO [Controller id=0] Starting the controller scheduler (kafka.controller.KafkaController)
[2025-09-03 01:47:23,629] INFO [RequestSendThread controllerId=0] Controller 0 connected to OMPRAKASH:9092 (id: 0 rack: null) for sending state change requests (kafka.controller.RequestSendThread)
[2025-09-03 01:47:28,247] INFO [Controller id=0] Processing automatic preferred replica leader election (kafka.controller.KafkaController)
[2025-09-03 01:47:28,247] TRACE [Controller id=0] Checking need to trigger auto leader balancing (kafka.controller.KafkaController)
[2025-09-03 01:47:33,291] INFO [Controller id=0] Newly added brokers: 111, deleted brokers: , bounced brokers: , all live brokers: 0,111 (kafka.controller.KafkaController)
[2025-09-03 01:47:33,292] DEBUG [Channel manager on controller 0]: Controller 0 trying to connect to broker 111 (kafka.controller.ControllerChannelManager)
[2025-09-03 01:47:33,302] INFO [RequestSendThread controllerId=0] Starting (kafka.controller.RequestSendThread)
[2025-09-03 01:47:33,303] INFO [Controller id=0] New broker startup callback for 111 (kafka.controller.KafkaController)
[2025-09-03 01:47:33,312] DEBUG [Controller id=0] Register BrokerModifications handler for List(111) (kafka.controller.KafkaController)
[2025-09-03 01:47:33,316] INFO [Controller id=0] Updated broker epochs cache: HashMap(0 -> 83, 111 -> 101) (kafka.controller.KafkaController)
[2025-09-03 01:47:33,819] INFO [RequestSendThread controllerId=0] Controller 0 connected to OMPRAKASH:9095 (id: 111 rack: null) for sending state change requests (kafka.controller.RequestSendThread)
