[2025-09-03 01:26:18,171] INFO [ControllerEventThread controllerId=0] Starting (kafka.controller.ControllerEventManager$ControllerEventThread)
[2025-09-03 01:26:18,236] INFO [Controller id=0] 0 successfully elected as the controller. Epoch incremented to 1 and epoch zk version is now 1 (kafka.controller.KafkaController)
[2025-09-03 01:26:18,245] INFO [Controller id=0] Creating FeatureZNode at path: /feature with contents: FeatureZNode(2,Enabled,Map()) (kafka.controller.KafkaController)
[2025-09-03 01:26:18,342] INFO [Controller id=0] Registering handlers (kafka.controller.KafkaController)
[2025-09-03 01:26:18,352] INFO [Controller id=0] Deleting log dir event notifications (kafka.controller.KafkaController)
[2025-09-03 01:26:18,361] INFO [Controller id=0] Deleting isr change notifications (kafka.controller.KafkaController)
[2025-09-03 01:26:18,369] INFO [Controller id=0] Initializing controller context (kafka.controller.KafkaController)
[2025-09-03 01:26:18,408] INFO [Controller id=0] Initialized broker epochs cache: HashMap(0 -> 27) (kafka.controller.KafkaController)
[2025-09-03 01:26:18,419] DEBUG [Controller id=0] Register BrokerModifications handler for Set(0) (kafka.controller.KafkaController)
[2025-09-03 01:26:18,436] DEBUG [Channel manager on controller 0]: Controller 0 trying to connect to broker 0 (kafka.controller.ControllerChannelManager)
[2025-09-03 01:26:18,454] INFO [RequestSendThread controllerId=0] Starting (kafka.controller.RequestSendThread)
[2025-09-03 01:26:18,458] INFO [Controller id=0] Currently active brokers in the cluster: Set(0) (kafka.controller.KafkaController)
[2025-09-03 01:26:18,459] INFO [Controller id=0] Currently shutting brokers in the cluster: HashSet() (kafka.controller.KafkaController)
[2025-09-03 01:26:18,460] INFO [Controller id=0] Current list of topics in the cluster: HashSet() (kafka.controller.KafkaController)
[2025-09-03 01:26:18,461] INFO [Controller id=0] Fetching topic deletions in progress (kafka.controller.KafkaController)
[2025-09-03 01:26:18,466] INFO [Controller id=0] List of topics to be deleted:  (kafka.controller.KafkaController)
[2025-09-03 01:26:18,466] INFO [Controller id=0] List of topics ineligible for deletion:  (kafka.controller.KafkaController)
[2025-09-03 01:26:18,467] INFO [Controller id=0] Initializing topic deletion manager (kafka.controller.KafkaController)
[2025-09-03 01:26:18,468] INFO [Topic Deletion Manager 0] Initializing manager with initial deletions: Set(), initial ineligible deletions: HashSet() (kafka.controller.TopicDeletionManager)
[2025-09-03 01:26:18,472] INFO [Controller id=0] Sending update metadata request (kafka.controller.KafkaController)
[2025-09-03 01:26:18,504] INFO [ReplicaStateMachine controllerId=0] Initializing replica state (kafka.controller.ZkReplicaStateMachine)
[2025-09-03 01:26:18,507] INFO [ReplicaStateMachine controllerId=0] Triggering online replica state changes (kafka.controller.ZkReplicaStateMachine)
[2025-09-03 01:26:18,542] INFO [ReplicaStateMachine controllerId=0] Triggering offline replica state changes (kafka.controller.ZkReplicaStateMachine)
[2025-09-03 01:26:18,544] DEBUG [ReplicaStateMachine controllerId=0] Started replica state machine with initial state -> HashMap() (kafka.controller.ZkReplicaStateMachine)
[2025-09-03 01:26:18,546] INFO [PartitionStateMachine controllerId=0] Initializing partition state (kafka.controller.ZkPartitionStateMachine)
[2025-09-03 01:26:18,550] INFO [PartitionStateMachine controllerId=0] Triggering online partition state changes (kafka.controller.ZkPartitionStateMachine)
[2025-09-03 01:26:18,569] DEBUG [PartitionStateMachine controllerId=0] Started partition state machine with initial state -> HashMap() (kafka.controller.ZkPartitionStateMachine)
[2025-09-03 01:26:18,571] INFO [Controller id=0] Ready to serve as the new controller with epoch 1 (kafka.controller.KafkaController)
[2025-09-03 01:26:18,591] INFO [Controller id=0] Partitions undergoing preferred replica election:  (kafka.controller.KafkaController)
[2025-09-03 01:26:18,592] INFO [Controller id=0] Partitions that completed preferred replica election:  (kafka.controller.KafkaController)
[2025-09-03 01:26:18,594] INFO [Controller id=0] Skipping preferred replica election for partitions due to topic deletion:  (kafka.controller.KafkaController)
[2025-09-03 01:26:18,595] INFO [Controller id=0] Resuming preferred replica election for partitions:  (kafka.controller.KafkaController)
[2025-09-03 01:26:18,599] INFO [Controller id=0] Starting replica leader election (PREFERRED) for partitions  triggered by ZkTriggered (kafka.controller.KafkaController)
[2025-09-03 01:26:18,649] INFO [Controller id=0] Starting the controller scheduler (kafka.controller.KafkaController)
[2025-09-03 01:26:19,024] INFO [RequestSendThread controllerId=0] Controller 0 connected to OMPRAKASH:9092 (id: 0 rack: null) for sending state change requests (kafka.controller.RequestSendThread)
[2025-09-03 01:26:23,664] INFO [Controller id=0] Processing automatic preferred replica leader election (kafka.controller.KafkaController)
[2025-09-03 01:26:23,665] TRACE [Controller id=0] Checking need to trigger auto leader balancing (kafka.controller.KafkaController)
[2025-09-03 01:31:23,676] INFO [Controller id=0] Processing automatic preferred replica leader election (kafka.controller.KafkaController)
[2025-09-03 01:31:23,676] TRACE [Controller id=0] Checking need to trigger auto leader balancing (kafka.controller.KafkaController)
[2025-09-03 01:47:33,390] INFO [ControllerEventThread controllerId=111] Starting (kafka.controller.ControllerEventManager$ControllerEventThread)
[2025-09-03 01:47:33,446] DEBUG [Controller id=111] Broker 0 has been elected as the controller, so stopping the election process. (kafka.controller.KafkaController)
